MAP
    NAME Colombia
        SIZE 1300 600
        STATUS ON
        EXTENT -76.5928 3.33181  -76.4613 3.50587
        SHAPEPATH "shape"

        FONTSET "misc/fonts/fonts.txt"
        SYMBOLSET "misc/symbols/symbols.sym"

        IMAGECOLOR "#EEF6FF"
        UNITS dd

        WEB
        IMAGEPATH "C:/ms4w/tmp/ms_tmp" # Esto puede variar dependiendo de tu configuración
            IMAGEURL "/ms_tmp/"
        END
        
    LAYER 
        NAME "Poligonos" 
        STATUS ON
        DATA "poligono.shp"
        TYPE POLYGON
        CLASS
            STYLE
                COLOR 162 200 255 # A2C8FF (Azul claro suave)
                OUTLINECOLOR 0 0 0
            END
        END
    END
    
    LAYER 
        NAME "Cali"
        STATUS ON
        DATA "cinco.shp"
        TYPE POLYGON
        CLASS
            STYLE
                COLOR 76 83 255 # 4C53FF (Azul más intenso)
                OUTLINECOLOR 0 0 0
            END
        END
    END

    LAYER   
        NAME "Comunas"
        STATUS ON
        DATA "SIX.shp"
        
        TYPE POLYGON
        CLASS
            STYLE
                COLOR 102 255 195 # 66FFC3 (Verde menta claro)
                OUTLINECOLOR 0 0 0
            END
        END
    END

    LAYER

        NAME "Barrios"
        STATUS ON
        DATA "one.shp"
        TYPE POLYGON
        LABELITEM "BARRIO"
            CLASS
                NAME "LABEL"
                STYLE 
                COLOR 142 237 150 # 8EED96 (Verde suave)
                OUTLINECOLOR 85 107 47
                END
                LABEL
                SIZE SMALL
                COLOR 0 0 0
                END 
        END
    END

    LAYER   
        NAME "Vias"
        STATUS ON
        DATA "two.shp"
        LABELITEM "nomenclatu"
        TRANSPARENCY 200
        
        TYPE LINE
        CLASS
          NAME "LABEL"
            STYLE
                 SIZE 10
                 COLOR 167 184 194 # A7B8C2 (Gris azulado suave)
                 OUTLINECOLOR 0 255 0
            END
            LABEL
                SIZE SMALL
                COLOR 0 0 0
            END     
        END
    END
    LAYER 
        NAME "Puntos"
        STATUS ON
        DATA "puntos.shp"
        TYPE POINT
        CLASS
            STYLE
                SYMBOL star
                SIZE 10
                COLOR 255 159 77
                OUTLINECOLOR 85 107 47
            END
        END
    END
END
