MAP
    NAME Colombia
    SIZE 1900 900
    STATUS ON
    EXTENT -180 -90 180 90
    SHAPEPATH "shape"

    FONTSET "misc/fonts/fonts.txt"
    SYMBOLSET "misc/symbols/symbols.sym"
    
    IMAGECOLOR 255 255 255
    UNITS dd
    
    WEB
        IMAGEPATH "C:/ms4w/tmp/ms_tmp"
        IMAGEURL "/ms_tmp/"
    END

    LAYER 
        NAME "Countries"
        STATUS ON
        DATA "ne_110m_admin_0_countries.shp"
        TYPE POLYGON
        LABELITEM "name_sort"
        CLASS
            NAME "LABEL"
                STYLE
                    COLOR 40 250 112 
                    OUTLINECOLOR 85 107 47
                END
                LABEL
                    SIZE SMALL
                    COLOR 0 0 0
                END
        END
    END

    LAYER 
        NAME "Poligonos"
        STATUS ON
        DATA "poligono.shp"
        TYPE POLYGON
        CLASS
            STYLE
                COLOR 162 200 255 
                OUTLINECOLOR 0 0 0
            END
        END
    END

    LAYER 
        NAME "Provincias"
        STATUS ON
        DATA "provincias.shp"
        TYPE POLYGON
        LABELITEM "nprov"
        CLASS
            NAME "LABEL"
                STYLE
                    COLOR 202 255 112
                    OUTLINECOLOR 85 107 47 
                END
                LABEL
                    SIZE SMALL
                    COLOR 0 0 0
                END
        END
    END

    LAYER 
        NAME "Lineas"
        STATUS ON
        DATA "lineas.shp"
        TYPE LINE
        CLASS
            STYLE
                COLOR 169 184 194
                OUTLINECOLOR 85 107 47
            END
        END
    END

    LAYER 
        NAME "Puntos"
        STATUS ON
        DATA "puntos.shp"
        TYPE POINT
        CLASS
            STYLE
                SYMBOL star
                SIZE 10
                COLOR 255 159 77
                OUTLINECOLOR 85 107 47
            END
        END
    END

    LAYER 
        NAME "cali"
        STATUS ON
        DATA "cinco.shp"
        TYPE POLYGON
        CLASS
            STYLE
                COLOR 76 83 255
                OUTLINECOLOR 0 0 0
            END
        END
    END

    LAYER 
        NAME "comuna"
        STATUS ON
        DATA "six.shp"
        TYPE POLYGON
        CLASS
            STYLE
                COLOR 0 0 150
                OUTLINECOLOR 0 0 0
            END
        END
    END

    LAYER 
        NAME "barrio"
        STATUS ON
        DATA "one.shp"
        TYPE POLYGON
        CLASS
            STYLE
                COLOR 0 100 200
                OUTLINECOLOR 0 0 0
            END
        END
    END

    LAYER 
        NAME "calle"
        STATUS ON
        DATA "two.shp"
        TYPE LINE
        CLASS
            STYLE
                COLOR 202 202 0 
                OUTLINECOLOR 0 0 0
            END
        END
    END
END
